islamt2@DS-123014 MINGW64 ~
$ pwd
/c/Users/islamt2

islamt2@DS-123014 MINGW64 ~
$ ls
'3D Objects'/
 AppData/
'Application Data'@
 Contacts/
 Cookies@
 Desktop/
 Documents/
 Downloads/
 Favorites/
 IntelGraphicsProfiles/
 Links/
'Local Settings'@
 MicrosoftEdgeBackups/
 Music/
'My Documents'@
 NetHood@
 NTUSER.DAT
 ntuser.dat.LOG1
 ntuser.dat.LOG2
 NTUSER.DAT{7e3e8dc5-d623-11e8-8f0d-484d7eed898c}.TM.blf
 NTUSER.DAT{7e3e8dc5-d623-11e8-8f0d-484d7eed898c}.TMContainer00000000000000000001.regtrans-ms
 NTUSER.DAT{7e3e8dc5-d623-11e8-8f0d-484d7eed898c}.TMContainer00000000000000000002.regtrans-ms
 ntuser.ini
 ntuser.pol
 OneDrive/
 Pictures/
 PrintHood@
 Recent@
'Saved Games'/
 Searches/
 SendTo@
'Start Menu'@
 Templates@
 Tracing/
 Untitled.ipynb
 Videos/

islamt2@DS-123014 MINGW64 ~
$ ls-f
bash: ls-f: command not found

islamt2@DS-123014 MINGW64 ~
$ ls _F
ls: cannot access '_F': No such file or directory

islamt2@DS-123014 MINGW64 ~
$ ls -F
'3D Objects'/
 AppData/
'Application Data'@
 Contacts/
 Cookies@
 Desktop/
 Documents/
 Downloads/
 Favorites/
 IntelGraphicsProfiles/
 Links/
'Local Settings'@
 MicrosoftEdgeBackups/
 Music/
'My Documents'@
 NetHood@
 NTUSER.DAT
 ntuser.dat.LOG1
 ntuser.dat.LOG2
 NTUSER.DAT{7e3e8dc5-d623-11e8-8f0d-484d7eed898c}.TM.blf
 NTUSER.DAT{7e3e8dc5-d623-11e8-8f0d-484d7eed898c}.TMContainer00000000000000000001.regtrans-ms
 NTUSER.DAT{7e3e8dc5-d623-11e8-8f0d-484d7eed898c}.TMContainer00000000000000000002.regtrans-ms
 ntuser.ini
 ntuser.pol
 OneDrive/
 Pictures/
 PrintHood@
 Recent@
'Saved Games'/
 Searches/
 SendTo@
'Start Menu'@
 Templates@
 Tracing/
 Untitled.ipynb
 Videos/

islamt2@DS-123014 MINGW64 ~
$ Ls --help
Usage: Ls [OPTION]... [FILE]...
List information about the FILEs (the current directory by default).
Sort entries alphabetically if none of -cftuvSUX nor --sort is specified.

Mandatory arguments to long options are mandatory for short options too.
  -a, --all                  do not ignore entries starting with .
  -A, --almost-all           do not list implied . and ..
      --author               with -l, print the author of each file
  -b, --escape               print C-style escapes for nongraphic characters
      --block-size=SIZE      with -l, scale sizes by SIZE when printing them;
                               e.g., '--block-size=M'; see SIZE format below
  -B, --ignore-backups       do not list implied entries ending with ~
  -c                         with -lt: sort by, and show, ctime (time of last
                               modification of file status information);
                               with -l: show ctime and sort by name;
                               otherwise: sort by ctime, newest first
  -C                         list entries by columns
      --color[=WHEN]         colorize the output; WHEN can be 'always' (default
                               if omitted), 'auto', or 'never'; more info below
  -d, --directory            list directories themselves, not their contents
  -D, --dired                generate output designed for Emacs' dired mode
  -f                         do not sort, enable -aU, disable -ls --color
  -F, --classify             append indicator (one of */=>@|) to entries
      --file-type            likewise, except do not append '*'
      --format=WORD          across -x, commas -m, horizontal -x, long -l,
                               single-column -1, verbose -l, vertical -C
      --full-time            like -l --time-style=full-iso
  -g                         like -l, but do not list owner
      --group-directories-first
                             group directories before files;
                               can be augmented with a --sort option, but any
                               use of --sort=none (-U) disables grouping
  -G, --no-group             in a long listing, don't print group names
  -h, --human-readable       with -l and -s, print sizes like 1K 234M 2G etc.
      --si                   likewise, but use powers of 1000 not 1024
  -H, --dereference-command-line
                             follow symbolic links listed on the command line
      --dereference-command-line-symlink-to-dir
                             follow each command line symbolic link
                               that points to a directory
      --hide=PATTERN         do not list implied entries matching shell PATTERN
                               (overridden by -a or -A)
      --hyperlink[=WHEN]     hyperlink file names; WHEN can be 'always'
                               (default if omitted), 'auto', or 'never'
      --indicator-style=WORD  append indicator with style WORD to entry names:
                               none (default), slash (-p),
                               file-type (--file-type), classify (-F)
  -i, --inode                print the index number of each file
  -I, --ignore=PATTERN       do not list implied entries matching shell PATTERN
  -k, --kibibytes            default to 1024-byte blocks for disk usage;
                               used only with -s and per directory totals
  -l                         use a long listing format
  -L, --dereference          when showing file information for a symbolic
                               link, show information for the file the link
                               references rather than for the link itself
  -m                         fill width with a comma separated list of entries
  -n, --numeric-uid-gid      like -l, but list numeric user and group IDs
  -N, --literal              print entry names without quoting
  -o                         like -l, but do not list group information
  -p, --indicator-style=slash
                             append / indicator to directories
  -q, --hide-control-chars   print ? instead of nongraphic characters
      --show-control-chars   show nongraphic characters as-is (the default,
                               unless program is 'ls' and output is a terminal)
  -Q, --quote-name           enclose entry names in double quotes
      --quoting-style=WORD   use quoting style WORD for entry names:
                               literal, locale, shell, shell-always,
                               shell-escape, shell-escape-always, c, escape
                               (overrides QUOTING_STYLE environment variable)
  -r, --reverse              reverse order while sorting
  -R, --recursive            list subdirectories recursively
  -s, --size                 print the allocated size of each file, in blocks
  -S                         sort by file size, largest first
      --sort=WORD            sort by WORD instead of name: none (-U), size (-S),
                               time (-t), version (-v), extension (-X)
      --time=WORD            with -l, show time as WORD instead of default
                               modification time: atime or access or use (-u);
                               ctime or status (-c); also use specified time
                               as sort key if --sort=time (newest first)
      --time-style=TIME_STYLE  time/date format with -l; see TIME_STYLE below
  -t                         sort by modification time, newest first
  -T, --tabsize=COLS         assume tab stops at each COLS instead of 8
  -u                         with -lt: sort by, and show, access time;
                               with -l: show access time and sort by name;
                               otherwise: sort by access time, newest first
  -U                         do not sort; list entries in directory order
  -v                         natural sort of (version) numbers within text
  -w, --width=COLS           set output width to COLS.  0 means no limit
  -x                         list entries by lines instead of by columns
  -X                         sort alphabetically by entry extension
  -Z, --context              print any security context of each file
  -1                         list one file per line.  Avoid '\n' with -q or -b
      --append-exe           append .exe if cygwin magic was needed
      --help     display this help and exit
      --version  output version information and exit

The SIZE argument is an integer and optional unit (example: 10K is 10*1024).
Units are K,M,G,T,P,E,Z,Y (powers of 1024) or KB,MB,... (powers of 1000).

The TIME_STYLE argument can be full-iso, long-iso, iso, locale, or +FORMAT.
FORMAT is interpreted like in date(1).  If FORMAT is FORMAT1<newline>FORMAT2,
then FORMAT1 applies to non-recent files and FORMAT2 to recent files.
TIME_STYLE prefixed with 'posix-' takes effect only outside the POSIX locale.
Also the TIME_STYLE environment variable sets the default style to use.

Using color to distinguish file types is disabled both by default and
with --color=never.  With --color=auto, ls emits color codes only when
standard output is connected to a terminal.  The LS_COLORS environment
variable can change the settings.  Use the dircolors command to set it.

Exit status:
 0  if OK,
 1  if minor problems (e.g., cannot access subdirectory),
 2  if serious trouble (e.g., cannot access command-line argument).

GNU coreutils online help: <https://www.gnu.org/software/coreutils/>
Full documentation at: <https://www.gnu.org/software/coreutils/ls>
or available locally via: info '(coreutils) ls invocation'

islamt2@DS-123014 MINGW64 ~
$ ls -a
 ./
 ../
 .bash_history
 .bash_profile
 .bashrc
 .ipynb_checkpoints/
 .ipython/
 .jupyter/
 .matplotlib/
 .spyder-py3/
'3D Objects'/
 AppData/
'Application Data'@
 Contacts/
 Cookies@
 Desktop/
 Documents/
 Downloads/
 Favorites/
 IntelGraphicsProfiles/
 Links/
'Local Settings'@
 MicrosoftEdgeBackups/
 Music/
'My Documents'@
 NetHood@
 NTUSER.DAT
 ntuser.dat.LOG1
 ntuser.dat.LOG2
 NTUSER.DAT{7e3e8dc5-d623-11e8-8f0d-484d7eed898c}.TM.blf
 NTUSER.DAT{7e3e8dc5-d623-11e8-8f0d-484d7eed898c}.TMContainer00000000000000000001.regtrans-ms
 NTUSER.DAT{7e3e8dc5-d623-11e8-8f0d-484d7eed898c}.TMContainer00000000000000000002.regtrans-ms
 ntuser.ini
 ntuser.pol
 OneDrive/
 Pictures/
 PrintHood@
 Recent@
'Saved Games'/
 Searches/
 SendTo@
'Start Menu'@
 Templates@
 Tracing/
 Untitled.ipynb
 Videos/

islamt2@DS-123014 MINGW64 ~
$ ls -F desktop
'~$treat Agenda  7-12-18.docx'
 3-79.pdf
 3-80.pdf
 41852385.jpg
'arp-exec (departmentfsabs) (N) - Shortcut.lnk'*
 desktop.ini
 download.htm
'Eventbrite - My Tickets.pdf'
'GTA Adjunct template  - Draft.xlsx'
'islamt2 (homefs.uta.eduUserDatais) (J) - Shortcut.lnk'*
'SWC_Spring 2019'/
'This PC.lnk'*

islamt2@DS-123014 MINGW64 ~
$ Ls _F/SWC_spring 2019
Ls: cannot access '_F/SWC_spring': No such file or directory
Ls: cannot access '2019': No such file or directory

islamt2@DS-123014 MINGW64 ~
$ ls -F Desktop/SWC_Spring\ 2019/
Data/

islamt2@DS-123014 MINGW64 ~
$ ls -F Desktop/SWC_Spring\ 2019/Data/
ByCountry/  gapminder.txt

islamt2@DS-123014 MINGW64 ~
$ ls -F Desktop/SWC_Spring\ 2019/Data/
ByCountry/  gapminder.txt

islamt2@DS-123014 MINGW64 ~
$ cd Desktop

islamt2@DS-123014 MINGW64 ~/Desktop
$ cd SWC_Spring\ 2019/

islamt2@DS-123014 MINGW64 ~/Desktop/SWC_Spring 2019
$ pwd
/c/Users/islamt2/Desktop/SWC_Spring 2019

islamt2@DS-123014 MINGW64 ~/Desktop/SWC_Spring 2019
$ cd

islamt2@DS-123014 MINGW64 ~
$ cd Desktop/SWC_Spring\ 2019/

islamt2@DS-123014 MINGW64 ~/Desktop/SWC_Spring 2019
$ cd ..

islamt2@DS-123014 MINGW64 ~/Desktop
$ pwd
/c/Users/islamt2/Desktop

islamt2@DS-123014 MINGW64 ~/Desktop
$ cd SWC_Spring\ 2019/

islamt2@DS-123014 MINGW64 ~/Desktop/SWC_Spring 2019
$ ls - F -a
ls: cannot access '-': No such file or directory
ls: cannot access 'F': No such file or directory

islamt2@DS-123014 MINGW64 ~/Desktop/SWC_Spring 2019
$ ls -F -a
./  ../  Data/

islamt2@DS-123014 MINGW64 ~/Desktop/SWC_Spring 2019
$ cd Desktop
bash: cd: Desktop: No such file or directory

islamt2@DS-123014 MINGW64 ~/Desktop/SWC_Spring 2019
$ cd Desktop
bash: cd: Desktop: No such file or directory

islamt2@DS-123014 MINGW64 ~/Desktop/SWC_Spring 2019
$ cd /islamt2/Desktop
bash: cd: /islamt2/Desktop: No such file or directory

islamt2@DS-123014 MINGW64 ~/Desktop/SWC_Spring 2019
$ cd ~

islamt2@DS-123014 MINGW64 ~
$ cd -
/c/Users/islamt2/Desktop/SWC_Spring 2019

islamt2@DS-123014 MINGW64 ~/Desktop/SWC_Spring 2019
$ pwd
/c/Users/islamt2/Desktop/SWC_Spring 2019

islamt2@DS-123014 MINGW64 ~/Desktop/SWC_Spring 2019
$ cd ..

islamt2@DS-123014 MINGW64 ~/Desktop
$ cd Desktop
bash: cd: Desktop: No such file or directory

islamt2@DS-123014 MINGW64 ~/Desktop
$ cd SWC_Spring\ 2019/

islamt2@DS-123014 MINGW64 ~/Desktop/SWC_Spring 2019
$ cd Data

islamt2@DS-123014 MINGW64 ~/Desktop/SWC_Spring 2019/Data
$ cd -
/c/Users/islamt2/Desktop/SWC_Spring 2019

islamt2@DS-123014 MINGW64 ~/Desktop/SWC_Spring 2019
$ cd ..

islamt2@DS-123014 MINGW64 ~/Desktop
$


islamt2@DS-123014 MINGW64 ~/Desktop
$ CD
bash: CD: command not found

islamt2@DS-123014 MINGW64 ~/Desktop
$

islamt2@DS-123014 MINGW64 ~/Desktop
$

islamt2@DS-123014 MINGW64 ~/Desktop
$

islamt2@DS-123014 MINGW64 ~/Desktop
$

islamt2@DS-123014 MINGW64 ~/Desktop
$

islamt2@DS-123014 MINGW64 ~/Desktop
$ cd -
/c/Users/islamt2/Desktop/SWC_Spring 2019

islamt2@DS-123014 MINGW64 ~/Desktop/SWC_Spring 2019
$ pwd
/c/Users/islamt2/Desktop/SWC_Spring 2019

islamt2@DS-123014 MINGW64 ~/Desktop/SWC_Spring 2019
$ cd ~

islamt2@DS-123014 MINGW64 ~
$ pwd
/c/Users/islamt2

islamt2@DS-123014 MINGW64 ~
$ cd ..

islamt2@DS-123014 MINGW64 /c/Users
$ cd
All Users/    Default User/ islamt2/      Public/
Default/      desktop.ini   OIT/

islamt2@DS-123014 MINGW64 /c/Users
$ cd ^C

islamt2@DS-123014 MINGW64 /c/Users
$ cd

islamt2@DS-123014 MINGW64 ~
$ cd Desktop/SWC_Spring\ 2019/

islamt2@DS-123014 MINGW64 ~/Desktop/SWC_Spring 2019
$ pwd
/c/Users/islamt2/Desktop/SWC_Spring 2019

islamt2@DS-123014 MINGW64 ~/Desktop/SWC_Spring 2019
$ mkdir unix_shel

islamt2@DS-123014 MINGW64 ~/Desktop/SWC_Spring 2019
$ ls
Data/  unix_shel/

islamt2@DS-123014 MINGW64 ~/Desktop/SWC_Spring 2019
$ cd unix_shel/

islamt2@DS-123014 MINGW64 ~/Desktop/SWC_Spring 2019/unix_shel
$ pwd
/c/Users/islamt2/Desktop/SWC_Spring 2019/unix_shel

islamt2@DS-123014 MINGW64 ~/Desktop/SWC_Spring 2019/unix_shel
$ mkdir Japan

islamt2@DS-123014 MINGW64 ~/Desktop/SWC_Spring 2019/unix_shel
$ mkdir India

islamt2@DS-123014 MINGW64 ~/Desktop/SWC_Spring 2019/unix_shel
$ ls
India/  Japan/

islamt2@DS-123014 MINGW64 ~/Desktop/SWC_Spring 2019/unix_shel
$ touch MyFirstFile.txt

islamt2@DS-123014 MINGW64 ~/Desktop/SWC_Spring 2019/unix_shel
$ ls
India/  Japan/  MyFirstFile.txt

islamt2@DS-123014 MINGW64 ~/Desktop/SWC_Spring 2019/unix_shel
$ cat MyFirstFile.txt

islamt2@DS-123014 MINGW64 ~/Desktop/SWC_Spring 2019/unix_shel
$ subl MyFirstFile.txt
bash: subl: command not found

islamt2@DS-123014 MINGW64 ~/Desktop/SWC_Spring 2019/unix_shel
$ nano

islamt2@DS-123014 MINGW64 ~/Desktop/SWC_Spring 2019/unix_shel
$ nano MyFirstFile.xt

islamt2@DS-123014 MINGW64 ~/Desktop/SWC_Spring 2019/unix_shel
$ ls
India/  Japan/  MyFirstFile.txt

islamt2@DS-123014 MINGW64 ~/Desktop/SWC_Spring 2019/unix_shel
$ nano MyFirstFile.txt

islamt2@DS-123014 MINGW64 ~/Desktop/SWC_Spring 2019/unix_shel
$ cat MyFirstFile.txt
hi

islamt2@DS-123014 MINGW64 ~/Desktop/SWC_Spring 2019/unix_shel
$ mv MyFirstFile.txt MyFirstScript.sh

islamt2@DS-123014 MINGW64 ~/Desktop/SWC_Spring 2019/unix_shel
$ ls
India/  Japan/  MyFirstScript.sh

islamt2@DS-123014 MINGW64 ~/Desktop/SWC_Spring 2019/unix_shel
$ mv MyFirstScript.sh Japan

islamt2@DS-123014 MINGW64 ~/Desktop/SWC_Spring 2019/unix_shel
$ ls
India/  Japan/

islamt2@DS-123014 MINGW64 ~/Desktop/SWC_Spring 2019/unix_shel
$ pwd
/c/Users/islamt2/Desktop/SWC_Spring 2019/unix_shel

islamt2@DS-123014 MINGW64 ~/Desktop/SWC_Spring 2019/unix_shel
$ cd Japn
bash: cd: Japn: No such file or directory

islamt2@DS-123014 MINGW64 ~/Desktop/SWC_Spring 2019/unix_shel
$ cd Japan

islamt2@DS-123014 MINGW64 ~/Desktop/SWC_Spring 2019/unix_shel/Japan
$ pwd
/c/Users/islamt2/Desktop/SWC_Spring 2019/unix_shel/Japan

islamt2@DS-123014 MINGW64 ~/Desktop/SWC_Spring 2019/unix_shel/Japan
$ ls
MyFirstScript.sh

islamt2@DS-123014 MINGW64 ~/Desktop/SWC_Spring 2019/unix_shel/Japan
$ pwd
/c/Users/islamt2/Desktop/SWC_Spring 2019/unix_shel/Japan

islamt2@DS-123014 MINGW64 ~/Desktop/SWC_Spring 2019/unix_shel/Japan
$ cd ..

islamt2@DS-123014 MINGW64 ~/Desktop/SWC_Spring 2019/unix_shel
$ pwd
/c/Users/islamt2/Desktop/SWC_Spring 2019/unix_shel

islamt2@DS-123014 MINGW64 ~/Desktop/SWC_Spring 2019/unix_shel
$ cp Japan/MyFirstScript.sh .

islamt2@DS-123014 MINGW64 ~/Desktop/SWC_Spring 2019/unix_shel
$ ls
India/  Japan/  MyFirstScript.sh

islamt2@DS-123014 MINGW64 ~/Desktop/SWC_Spring 2019/unix_shel
$ cd India

islamt2@DS-123014 MINGW64 ~/Desktop/SWC_Spring 2019/unix_shel/India
$ pwd
/c/Users/islamt2/Desktop/SWC_Spring 2019/unix_shel/India

islamt2@DS-123014 MINGW64 ~/Desktop/SWC_Spring 2019/unix_shel/India
$ cp ../MyFirstScript.sh .

islamt2@DS-123014 MINGW64 ~/Desktop/SWC_Spring 2019/unix_shel/India
$ ls
MyFirstScript.sh

islamt2@DS-123014 MINGW64 ~/Desktop/SWC_Spring 2019/unix_shel/India
$ rm MyFirstScript.sh

islamt2@DS-123014 MINGW64 ~/Desktop/SWC_Spring 2019/unix_shel/India
$ ls

islamt2@DS-123014 MINGW64 ~/Desktop/SWC_Spring 2019/unix_shel/India
$ pwd
/c/Users/islamt2/Desktop/SWC_Spring 2019/unix_shel/India

islamt2@DS-123014 MINGW64 ~/Desktop/SWC_Spring 2019/unix_shel/India
$ cd ..

islamt2@DS-123014 MINGW64 ~/Desktop/SWC_Spring 2019/unix_shel
$ pwd
/c/Users/islamt2/Desktop/SWC_Spring 2019/unix_shel

islamt2@DS-123014 MINGW64 ~/Desktop/SWC_Spring 2019/unix_shel
$ rm -r India Japan

islamt2@DS-123014 MINGW64 ~/Desktop/SWC_Spring 2019/unix_shel
$ ls
MyFirstScript.sh

islamt2@DS-123014 MINGW64 ~/Desktop/SWC_Spring 2019/unix_shel
$ pwd
/c/Users/islamt2/Desktop/SWC_Spring 2019/unix_shel

islamt2@DS-123014 MINGW64 ~/Desktop/SWC_Spring 2019/unix_shel
$ cd ..

islamt2@DS-123014 MINGW64 ~/Desktop/SWC_Spring 2019
$ mv Data/ unix_shel/
mv: cannot move 'Data/' to 'unix_shel/Data': Permission denied

islamt2@DS-123014 MINGW64 ~/Desktop/SWC_Spring 2019
$ pwd
/c/Users/islamt2/Desktop/SWC_Spring 2019

islamt2@DS-123014 MINGW64 ~/Desktop/SWC_Spring 2019
$ mv Data/ unix_shel/
mv: cannot move 'Data/' to 'unix_shel/Data': Permission denied

islamt2@DS-123014 MINGW64 ~/Desktop/SWC_Spring 2019
$ mv unix_shel/ Data/

islamt2@DS-123014 MINGW64 ~/Desktop/SWC_Spring 2019
$ cd Data/

islamt2@DS-123014 MINGW64 ~/Desktop/SWC_Spring 2019/Data
$ mv unix_shel/ ..

islamt2@DS-123014 MINGW64 ~/Desktop/SWC_Spring 2019/Data
$ pwd
/c/Users/islamt2/Desktop/SWC_Spring 2019/Data

islamt2@DS-123014 MINGW64 ~/Desktop/SWC_Spring 2019/Data
$ cd ..

islamt2@DS-123014 MINGW64 ~/Desktop/SWC_Spring 2019
$ mv data/ unix_shel/
mv: cannot move 'data/' to 'unix_shel/data': Permission denied

islamt2@DS-123014 MINGW64 ~/Desktop/SWC_Spring 2019
$ pwd
/c/Users/islamt2/Desktop/SWC_Spring 2019

islamt2@DS-123014 MINGW64 ~/Desktop/SWC_Spring 2019
$ cp -r Data/ unix_shel/

islamt2@DS-123014 MINGW64 ~/Desktop/SWC_Spring 2019
$ rm data
rm: cannot remove 'data': Is a directory

islamt2@DS-123014 MINGW64 ~/Desktop/SWC_Spring 2019
$ rm -r data

islamt2@DS-123014 MINGW64 ~/Desktop/SWC_Spring 2019
$ pwd
/c/Users/islamt2/Desktop/SWC_Spring 2019

islamt2@DS-123014 MINGW64 ~/Desktop/SWC_Spring 2019
$ ls unix_shel/
Data/  MyFirstScript.sh

islamt2@DS-123014 MINGW64 ~/Desktop/SWC_Spring 2019
$ # manipulating

islamt2@DS-123014 MINGW64 ~/Desktop/SWC_Spring 2019
$ cd unix_shel/

islamt2@DS-123014 MINGW64 ~/Desktop/SWC_Spring 2019/unix_shel
$ cd data

islamt2@DS-123014 MINGW64 ~/Desktop/SWC_Spring 2019/unix_shel/data
$ ls
ByCountry/  gapminder.txt

islamt2@DS-123014 MINGW64 ~/Desktop/SWC_Spring 2019/unix_shel/data
$ cd ByCountry/

islamt2@DS-123014 MINGW64 ~/Desktop/SWC_Spring 2019/unix_shel/data/ByCountry
$ ls
 Afghanistan.txt                Ghana.txt             Oman.txt
 Albania.txt                    Greece.txt            Pakistan.txt
 Algeria.txt                    Guatemala.txt         Panama.txt
 Angola.txt                     Guinea.txt            Paraguay.txt
 Argentina.txt                  Guinea-Bissau.txt     Peru.txt
 Australia.txt                  Haiti.txt             Philippines.txt
 Austria.txt                    Honduras.txt          Poland.txt
 Bahrain.txt                    Hong_Kong_China.txt   Portugal.txt
 Bangladesh.txt                 Hungary.txt           Puerto_Rico.txt
 Belgium.txt                    Iceland.txt           Reunion.txt
 Benin.txt                      India.txt             Romania.txt
 Bolivia.txt                    Indonesia.txt         Rwanda.txt
 Bosnia_and_Herzegovina.txt     Iran.txt              Sao_Tome_and_Principe.txt
 Botswana.txt                   Iraq.txt              Saudi_Arabia.txt
 Brazil.txt                     Ireland.txt           Senegal.txt
 Bulgaria.txt                   Israel.txt            Serbia.txt
 Burkina_Faso.txt               Italy.txt             Sierra_Leone.txt
 Burundi.txt                    Jamaica.txt           Singapore.txt
 Cambodia.txt                   Japan.txt             Slovak_Republic.txt
 Cameroon.txt                   Jordan.txt            Slovenia.txt
 Canada.txt                     Kenya.txt             Somalia.txt
 Central_African_Republic.txt   Korea_Dem_Rep.txt     South_Africa.txt
 Chad.txt                       Korea_Rep.txt         Spain.txt
 Chile.txt                      Kuwait.txt            Sri_Lanka.txt
 China.txt                      Lebanon.txt           Sudan.txt
 Colombia.txt                   Lesotho.txt           Swaziland.txt
 Comoros.txt                    Liberia.txt           Sweden.txt
 Congo_Dem_Rep.txt              Libya.txt             Switzerland.txt
 Congo_Rep.txt                  Madagascar.txt        Syria.txt
 Costa_Rica.txt                 Malawi.txt            Taiwan.txt
"Cote_d'Ivoire.txt"             Malaysia.txt          Tanzania.txt
 Croatia.txt                    Mali.txt              Thailand.txt
 Cuba.txt                       Mauritania.txt        Togo.txt
 Czech_Republic.txt             Mauritius.txt         Trinidad_and_Tobago.txt
 Denmark.txt                    Mexico.txt            Tunisia.txt
 Djibouti.txt                   Mongolia.txt          Turkey.txt
 Dominican_Republic.txt         Montenegro.txt        Uganda.txt
 Ecuador.txt                    Morocco.txt           United_Kingdom.txt
 Egypt.txt                      Mozambique.txt        United_States.txt
 El_Salvador.txt                Myanmar.txt           Uruguay.txt
 Equatorial_Guinea.txt          Namibia.txt           Venezuela.txt
 Eritrea.txt                    Nepal.txt             Vietnam.txt
 Ethiopia.txt                   Netherlands.txt       West_Bank_and_Gaza.txt
 Finland.txt                    New_Zealand.txt       Yemen_Rep.txt
 France.txt                     Nicaragua.txt         Zambia.txt
 Gabon.txt                      Niger.txt             Zimbabwe.txt
 Gambia.txt                     Nigeria.txt
 Germany.txt                    Norway.txt

islamt2@DS-123014 MINGW64 ~/Desktop/SWC_Spring 2019/unix_shel/data/ByCountry
$ # view file cat

islamt2@DS-123014 MINGW64 ~/Desktop/SWC_Spring 2019/unix_shel/data/ByCountry
$ cat Urugray.txt
cat: Urugray.txt: No such file or directory

islamt2@DS-123014 MINGW64 ~/Desktop/SWC_Spring 2019/unix_shel/data/ByCountry
$ cat Bangladesh.txt
country continent       year    lifeExp pop     gdpPercap
Bangladesh      Asia    1972    45.252  70759295        630.2336265
Bangladesh      Asia    1957    39.348  51365468        661.6374577
Bangladesh      Asia    2007    64.062  150448339       1391.253792
Bangladesh      Asia    2002    62.013  135656790       1136.39043
Bangladesh      Asia    1952    37.484  46886859        684.2441716
Bangladesh      Asia    1962    41.216  56839289        686.3415538
Bangladesh      Asia    1997    59.412  123315288       972.7700352
Bangladesh      Asia    1992    56.018  113704579       837.8101643
Bangladesh      Asia    1967    43.453  62821884        721.1860862
Bangladesh      Asia    1987    52.819  103764241       751.9794035
Bangladesh      Asia    1977    46.923  80428306        659.8772322
Bangladesh      Asia    1982    50.009  93074406        676.9818656

islamt2@DS-123014 MINGW64 ~/Desktop/SWC_Spring 2019/unix_shel/data/ByCountry
$ head -n2 Bangladesh.txt
country continent       year    lifeExp pop     gdpPercap
Bangladesh      Asia    1972    45.252  70759295        630.2336265

islamt2@DS-123014 MINGW64 ~/Desktop/SWC_Spring 2019/unix_shel/data/ByCountry
$ #how big is your file

islamt2@DS-123014 MINGW64 ~/Desktop/SWC_Spring 2019/unix_shel/data/ByCountry
$ wc Ba
Bahrain.txt     Bangladesh.txt

islamt2@DS-123014 MINGW64 ~/Desktop/SWC_Spring 2019/unix_shel/data/ByCountry
$ wc Bangladesh.txt
 13  78 637 Bangladesh.txt

islamt2@DS-123014 MINGW64 ~/Desktop/SWC_Spring 2019/unix_shel/data/ByCountry
$ # what is the highest life exp

islamt2@DS-123014 MINGW64 ~/Desktop/SWC_Spring 2019/unix_shel/data/ByCountry
$ cat Ba
Bahrain.txt     Bangladesh.txt

islamt2@DS-123014 MINGW64 ~/Desktop/SWC_Spring 2019/unix_shel/data/ByCountry
$ cat Bangladesh.txt
country continent       year    lifeExp pop     gdpPercap
Bangladesh      Asia    1972    45.252  70759295        630.2336265
Bangladesh      Asia    1957    39.348  51365468        661.6374577
Bangladesh      Asia    2007    64.062  150448339       1391.253792
Bangladesh      Asia    2002    62.013  135656790       1136.39043
Bangladesh      Asia    1952    37.484  46886859        684.2441716
Bangladesh      Asia    1962    41.216  56839289        686.3415538
Bangladesh      Asia    1997    59.412  123315288       972.7700352
Bangladesh      Asia    1992    56.018  113704579       837.8101643
Bangladesh      Asia    1967    43.453  62821884        721.1860862
Bangladesh      Asia    1987    52.819  103764241       751.9794035
Bangladesh      Asia    1977    46.923  80428306        659.8772322
Bangladesh      Asia    1982    50.009  93074406        676.9818656

islamt2@DS-123014 MINGW64 ~/Desktop/SWC_Spring 2019/unix_shel/data/ByCountry
$ grep 'Bangladesh' Bangladesh.txt
Bangladesh      Asia    1972    45.252  70759295        630.2336265
Bangladesh      Asia    1957    39.348  51365468        661.6374577
Bangladesh      Asia    2007    64.062  150448339       1391.253792
Bangladesh      Asia    2002    62.013  135656790       1136.39043
Bangladesh      Asia    1952    37.484  46886859        684.2441716
Bangladesh      Asia    1962    41.216  56839289        686.3415538
Bangladesh      Asia    1997    59.412  123315288       972.7700352
Bangladesh      Asia    1992    56.018  113704579       837.8101643
Bangladesh      Asia    1967    43.453  62821884        721.1860862
Bangladesh      Asia    1987    52.819  103764241       751.9794035
Bangladesh      Asia    1977    46.923  80428306        659.8772322
Bangladesh      Asia    1982    50.009  93074406        676.9818656

islamt2@DS-123014 MINGW64 ~/Desktop/SWC_Spring 2019/unix_shel/data/ByCountry
$ # to exclude at key word grep -v "country"

islamt2@DS-123014 MINGW64 ~/Desktop/SWC_Spring 2019/unix_shel/data/ByCountry
$ grep -v "Country"


                                            #
                #
#
##3#
pwd
pwd


islamt2@DS-123014 MINGW64 ~/Desktop/SWC_Spring 2019/unix_shel/data/ByCountry
$ grep -v 'country' Uruguay.txt > Uruguay_noH.txt

islamt2@DS-123014 MINGW64 ~/Desktop/SWC_Spring 2019/unix_shel/data/ByCountry
$ ls
 Afghanistan.txt                Ghana.txt             Oman.txt
 Albania.txt                    Greece.txt            Pakistan.txt
 Algeria.txt                    Guatemala.txt         Panama.txt
 Angola.txt                     Guinea.txt            Paraguay.txt
 Argentina.txt                  Guinea-Bissau.txt     Peru.txt
 Australia.txt                  Haiti.txt             Philippines.txt
 Austria.txt                    Honduras.txt          Poland.txt
 Bahrain.txt                    Hong_Kong_China.txt   Portugal.txt
 Bangladesh.txt                 Hungary.txt           Puerto_Rico.txt
 Belgium.txt                    Iceland.txt           Reunion.txt
 Benin.txt                      India.txt             Romania.txt
 Bolivia.txt                    Indonesia.txt         Rwanda.txt
 Bosnia_and_Herzegovina.txt     Iran.txt              Sao_Tome_and_Principe.txt
 Botswana.txt                   Iraq.txt              Saudi_Arabia.txt
 Brazil.txt                     Ireland.txt           Senegal.txt
 Bulgaria.txt                   Israel.txt            Serbia.txt
 Burkina_Faso.txt               Italy.txt             Sierra_Leone.txt
 Burundi.txt                    Jamaica.txt           Singapore.txt
 Cambodia.txt                   Japan.txt             Slovak_Republic.txt
 Cameroon.txt                   Jordan.txt            Slovenia.txt
 Canada.txt                     Kenya.txt             Somalia.txt
 Central_African_Republic.txt   Korea_Dem_Rep.txt     South_Africa.txt
 Chad.txt                       Korea_Rep.txt         Spain.txt
 Chile.txt                      Kuwait.txt            Sri_Lanka.txt
 China.txt                      Lebanon.txt           Sudan.txt
 Colombia.txt                   Lesotho.txt           Swaziland.txt
 Comoros.txt                    Liberia.txt           Sweden.txt
 Congo_Dem_Rep.txt              Libya.txt             Switzerland.txt
 Congo_Rep.txt                  Madagascar.txt        Syria.txt
 Costa_Rica.txt                 Malawi.txt            Taiwan.txt
"Cote_d'Ivoire.txt"             Malaysia.txt          Tanzania.txt
 Croatia.txt                    Mali.txt              Thailand.txt
 Cuba.txt                       Mauritania.txt        Togo.txt
 Czech_Republic.txt             Mauritius.txt         Trinidad_and_Tobago.txt
 Denmark.txt                    Mexico.txt            Tunisia.txt
 Djibouti.txt                   Mongolia.txt          Turkey.txt
 Dominican_Republic.txt         Montenegro.txt        Uganda.txt
 Ecuador.txt                    Morocco.txt           United_Kingdom.txt
 Egypt.txt                      Mozambique.txt        United_States.txt
 El_Salvador.txt                Myanmar.txt           Uruguay.txt
 Equatorial_Guinea.txt          Namibia.txt           Uruguay_noH.txt
 Eritrea.txt                    Nepal.txt             Venezuela.txt
 Ethiopia.txt                   Netherlands.txt       Vietnam.txt
 Finland.txt                    New_Zealand.txt       West_Bank_and_Gaza.txt
 France.txt                     Nicaragua.txt         Yemen_Rep.txt
 Gabon.txt                      Niger.txt             Zambia.txt
 Gambia.txt                     Nigeria.txt           Zimbabwe.txt
 Germany.txt                    Norway.txt

islamt2@DS-123014 MINGW64 ~/Desktop/SWC_Spring 2019/unix_shel/data/ByCountry
$ cat Uruguay_noH.txt
Uruguay Americas        1977    69.481  2873520 6504.339663
Uruguay Americas        1967    68.468  2748579 5444.61962
Uruguay Americas        1957    67.044  2424959 6150.772969
Uruguay Americas        1962    68.253  2598466 5603.357717
Uruguay Americas        1972    68.673  2829526 5703.408898
Uruguay Americas        2002    75.307  3363085 7727.002004
Uruguay Americas        1982    70.805  2953997 6920.223051
Uruguay Americas        1992    72.752  3149262 8137.004775
Uruguay Americas        1997    74.223  3262838 9230.240708
Uruguay Americas        2007    76.384  3447496 10611.46299
Uruguay Americas        1952    66.071  2252965 5716.766744
Uruguay Americas        1987    71.918  3045153 7452.398969

islamt2@DS-123014 MINGW64 ~/Desktop/SWC_Spring 2019/unix_shel/data/ByCountry
$ cut -f4 Uruguay_noH.txt
69.481
68.468
67.044
68.253
68.673
75.307
70.805
72.752
74.223
76.384
66.071
71.918

islamt2@DS-123014 MINGW64 ~/Desktop/SWC_Spring 2019/unix_shel/data/ByCountry
$ cut -f4 Uruguay_noH.txt > Uruguay_LE.txt

islamt2@DS-123014 MINGW64 ~/Desktop/SWC_Spring 2019/unix_shel/data/ByCountry
$ cat Uruguay_LE.txt
69.481
68.468
67.044
68.253
68.673
75.307
70.805
72.752
74.223
76.384
66.071
71.918

islamt2@DS-123014 MINGW64 ~/Desktop/SWC_Spring 2019/unix_shel/data/ByCountry
$ #sort output numerically and write in new file

islamt2@DS-123014 MINGW64 ~/Desktop/SWC_Spring 2019/unix_shel/data/ByCountry
$ sort Uruguay_LE.txt>Uruguary_LE_sorted.txt

islamt2@DS-123014 MINGW64 ~/Desktop/SWC_Spring 2019/unix_shel/data/ByCountry
$ cat Urugray_LE_sorted.txt
cat: Urugray_LE_sorted.txt: No such file or directory

islamt2@DS-123014 MINGW64 ~/Desktop/SWC_Spring 2019/unix_shel/data/ByCountry
$ cat Uruguary_LE_sorted.txt
66.071
67.044
68.253
68.468
68.673
69.481
70.805
71.918
72.752
74.223
75.307
76.384

islamt2@DS-123014 MINGW64 ~/Desktop/SWC_Spring 2019/unix_shel/data/ByCountry
$ tail -n1 Uruguary_LE_sorted.txt >Uruguary_LE_max.txt

islamt2@DS-123014 MINGW64 ~/Desktop/SWC_Spring 2019/unix_shel/data/ByCountry
$ cat Uruguary_LE_max.txt
76.384

islamt2@DS-123014 MINGW64 ~/Desktop/SWC_Spring 2019/unix_shel/data/ByCountry
$ #Pipes

islamt2@DS-123014 MINGW64 ~/Desktop/SWC_Spring 2019/unix_shel/data/ByCountry
$ pwd
/c/Users/islamt2/Desktop/SWC_Spring 2019/unix_shel/data/ByCountry

islamt2@DS-123014 MINGW64 ~/Desktop/SWC_Spring 2019/unix_shel/data/ByCountry
$ ls
 Afghanistan.txt                Greece.txt            Panama.txt
 Albania.txt                    Guatemala.txt         Paraguay.txt
 Algeria.txt                    Guinea.txt            Peru.txt
 Angola.txt                     Guinea-Bissau.txt     Philippines.txt
 Argentina.txt                  Haiti.txt             Poland.txt
 Australia.txt                  Honduras.txt          Portugal.txt
 Austria.txt                    Hong_Kong_China.txt   Puerto_Rico.txt
 Bahrain.txt                    Hungary.txt           Reunion.txt
 Bangladesh.txt                 Iceland.txt           Romania.txt
 Belgium.txt                    India.txt             Rwanda.txt
 Benin.txt                      Indonesia.txt         Sao_Tome_and_Principe.txt
 Bolivia.txt                    Iran.txt              Saudi_Arabia.txt
 Bosnia_and_Herzegovina.txt     Iraq.txt              Senegal.txt
 Botswana.txt                   Ireland.txt           Serbia.txt
 Brazil.txt                     Israel.txt            Sierra_Leone.txt
 Bulgaria.txt                   Italy.txt             Singapore.txt
 Burkina_Faso.txt               Jamaica.txt           Slovak_Republic.txt
 Burundi.txt                    Japan.txt             Slovenia.txt
 Cambodia.txt                   Jordan.txt            Somalia.txt
 Cameroon.txt                   Kenya.txt             South_Africa.txt
 Canada.txt                     Korea_Dem_Rep.txt     Spain.txt
 Central_African_Republic.txt   Korea_Rep.txt         Sri_Lanka.txt
 Chad.txt                       Kuwait.txt            Sudan.txt
 Chile.txt                      Lebanon.txt           Swaziland.txt
 China.txt                      Lesotho.txt           Sweden.txt
 Colombia.txt                   Liberia.txt           Switzerland.txt
 Comoros.txt                    Libya.txt             Syria.txt
 Congo_Dem_Rep.txt              Madagascar.txt        Taiwan.txt
 Congo_Rep.txt                  Malawi.txt            Tanzania.txt
 Costa_Rica.txt                 Malaysia.txt          Thailand.txt
"Cote_d'Ivoire.txt"             Mali.txt              Togo.txt
 Croatia.txt                    Mauritania.txt        Trinidad_and_Tobago.txt
 Cuba.txt                       Mauritius.txt         Tunisia.txt
 Czech_Republic.txt             Mexico.txt            Turkey.txt
 Denmark.txt                    Mongolia.txt          Uganda.txt
 Djibouti.txt                   Montenegro.txt        United_Kingdom.txt
 Dominican_Republic.txt         Morocco.txt           United_States.txt
 Ecuador.txt                    Mozambique.txt        Uruguary_LE_max.txt
 Egypt.txt                      Myanmar.txt           Uruguary_LE_sorted.txt
 El_Salvador.txt                Namibia.txt           Uruguay.txt
 Equatorial_Guinea.txt          Nepal.txt             Uruguay_LE.txt
 Eritrea.txt                    Netherlands.txt       Uruguay_noH.txt
 Ethiopia.txt                   New_Zealand.txt       Venezuela.txt
 Finland.txt                    Nicaragua.txt         Vietnam.txt
 France.txt                     Niger.txt             West_Bank_and_Gaza.txt
 Gabon.txt                      Nigeria.txt           Yemen_Rep.txt
 Gambia.txt                     Norway.txt            Zambia.txt
 Germany.txt                    Oman.txt              Zimbabwe.txt
 Ghana.txt                      Pakistan.txt

islamt2@DS-123014 MINGW64 ~/Desktop/SWC_Spring 2019/unix_shel/data/ByCountry
$ #pipes help to use output of one command as an input of the next command

islamt2@DS-123014 MINGW64 ~/Desktop/SWC_Spring 2019/unix_shel/data/ByCountry
$ grep "Uruguary" Uruguary.txt |cut -F4|sort -n|tail -n1> Uruguary_LE_max2.txt  grep: Uruguary.txt: No such file or directory
cut: unknown option -- F
Try 'cut --help' for more information.

islamt2@DS-123014 MINGW64 ~/Desktop/SWC_Spring 2019/unix_shel/data/ByCountry
$ grep 'Uruguary' Uruguary.txt| cut -F4|sort-n|tail -n1 >Uruguary_LE_max2.txt
grep: Uruguary.txt: No such file or directory
cut: unknown option -- F
Try 'cut --help' for more information.
bash: sort-n: command not found

islamt2@DS-123014 MINGW64 ~/Desktop/SWC_Spring 2019/unix_shel/data/ByCountry
$ grep 'Uruguary' Uruguary.txt| cut -f4|sort-n|tail -n1 >Uruguary_LE_max2.txt
grep: Uruguary.txt: No such file or directory
bash: sort-n: command not found

islamt2@DS-123014 MINGW64 ~/Desktop/SWC_Spring 2019/unix_shel/data/ByCountry
$ grep 'Uruguary' Uruguary.txt| cut -f4 |sort -n|tail -n1 > Uruguary_LE_max2.txt
grep: Uruguary.txt: No such file or directory

islamt2@DS-123014 MINGW64 ~/Desktop/SWC_Spring 2019/unix_shel/data/ByCountry
$ grep 'Uruguary' Uruguay.txt| cut -f4 |sort -n|tail -n1 > Uruguary_LE_max2.txt 
islamt2@DS-123014 MINGW64 ~/Desktop/SWC_Spring 2019/unix_shel/data/ByCountry
$ cat Uruguary_LE_max2.txt

islamt2@DS-123014 MINGW64 ~/Desktop/SWC_Spring 2019/unix_shel/data/ByCountry
$ grep 'Uruguay' Uruguay.txt| cut -f4 |sort -n|tail -n1 > Uruguary_LE_max2.txt

islamt2@DS-123014 MINGW64 ~/Desktop/SWC_Spring 2019/unix_shel/data/ByCountry
$ cat Uruguary_LE_max2.txt
76.384

islamt2@DS-123014 MINGW64 ~/Desktop/SWC_Spring 2019/unix_shel/data/ByCountry
$ pwd
/c/Users/islamt2/Desktop/SWC_Spring 2019/unix_shel/data/ByCountry

islamt2@DS-123014 MINGW64 ~/Desktop/SWC_Spring 2019/unix_shel/data/ByCountry
$ ls
 Afghanistan.txt                Greece.txt            Panama.txt
 Albania.txt                    Guatemala.txt         Paraguay.txt
 Algeria.txt                    Guinea.txt            Peru.txt
 Angola.txt                     Guinea-Bissau.txt     Philippines.txt
 Argentina.txt                  Haiti.txt             Poland.txt
 Australia.txt                  Honduras.txt          Portugal.txt
 Austria.txt                    Hong_Kong_China.txt   Puerto_Rico.txt
 Bahrain.txt                    Hungary.txt           Reunion.txt
 Bangladesh.txt                 Iceland.txt           Romania.txt
 Belgium.txt                    India.txt             Rwanda.txt
 Benin.txt                      Indonesia.txt         Sao_Tome_and_Principe.txt
 Bolivia.txt                    Iran.txt              Saudi_Arabia.txt
 Bosnia_and_Herzegovina.txt     Iraq.txt              Senegal.txt
 Botswana.txt                   Ireland.txt           Serbia.txt
 Brazil.txt                     Israel.txt            Sierra_Leone.txt
 Bulgaria.txt                   Italy.txt             Singapore.txt
 Burkina_Faso.txt               Jamaica.txt           Slovak_Republic.txt
 Burundi.txt                    Japan.txt             Slovenia.txt
 Cambodia.txt                   Jordan.txt            Somalia.txt
 Cameroon.txt                   Kenya.txt             South_Africa.txt
 Canada.txt                     Korea_Dem_Rep.txt     Spain.txt
 Central_African_Republic.txt   Korea_Rep.txt         Sri_Lanka.txt
 Chad.txt                       Kuwait.txt            Sudan.txt
 Chile.txt                      Lebanon.txt           Swaziland.txt
 China.txt                      Lesotho.txt           Sweden.txt
 Colombia.txt                   Liberia.txt           Switzerland.txt
 Comoros.txt                    Libya.txt             Syria.txt
 Congo_Dem_Rep.txt              Madagascar.txt        Taiwan.txt
 Congo_Rep.txt                  Malawi.txt            Tanzania.txt
 Costa_Rica.txt                 Malaysia.txt          Thailand.txt
"Cote_d'Ivoire.txt"             Mali.txt              Togo.txt
 Croatia.txt                    Mauritania.txt        Trinidad_and_Tobago.txt
 Cuba.txt                       Mauritius.txt         Tunisia.txt
 Czech_Republic.txt             Mexico.txt            Turkey.txt
 Denmark.txt                    Mongolia.txt          Uganda.txt
 Djibouti.txt                   Montenegro.txt        United_Kingdom.txt
 Dominican_Republic.txt         Morocco.txt           United_States.txt
 Ecuador.txt                    Mozambique.txt        Uruguary_LE_max.txt
 Egypt.txt                      Myanmar.txt           Uruguary_LE_max2.txt
 El_Salvador.txt                Namibia.txt           Uruguary_LE_sorted.txt
 Equatorial_Guinea.txt          Nepal.txt             Uruguay.txt
 Eritrea.txt                    Netherlands.txt       Uruguay_LE.txt
 Ethiopia.txt                   New_Zealand.txt       Uruguay_noH.txt
 Finland.txt                    Nicaragua.txt         Venezuela.txt
 France.txt                     Niger.txt             Vietnam.txt
 Gabon.txt                      Nigeria.txt           West_Bank_and_Gaza.txt
 Gambia.txt                     Norway.txt            Yemen_Rep.txt
 Germany.txt                    Oman.txt              Zambia.txt
 Ghana.txt                      Pakistan.txt          Zimbabwe.txt

islamt2@DS-123014 MINGW64 ~/Desktop/SWC_Spring 2019/unix_shel/data/ByCountry
$ cat Sweden.txt
country continent       year    lifeExp pop     gdpPercap
Sweden  Europe  1982    76.42   8325260 20667.38125
Sweden  Europe  1987    77.19   8421403 23586.92927
Sweden  Europe  1967    74.16   7867931 15258.29697
Sweden  Europe  1962    73.37   7561588 12329.44192
Sweden  Europe  1997    79.39   8897619 25266.59499
Sweden  Europe  1957    72.49   7363802 9911.878226
Sweden  Europe  1972    74.72   8122293 17832.02464
Sweden  Europe  2007    80.884  9031088 33859.74835
Sweden  Europe  1977    75.44   8251648 18855.72521
Sweden  Europe  2002    80.04   8954175 29341.63093
Sweden  Europe  1952    71.86   7124673 8527.844662
Sweden  Europe  1992    78.16   8718867 23880.01683

islamt2@DS-123014 MINGW64 ~/Desktop/SWC_Spring 2019/unix_shel/data/ByCountry
$ cut -f3,4 Sweden.txt
year    lifeExp
1982    76.42
1987    77.19
1967    74.16
1962    73.37
1997    79.39
1957    72.49
1972    74.72
2007    80.884
1977    75.44
2002    80.04
1952    71.86
1992    78.16

islamt2@DS-123014 MINGW64 ~/Desktop/SWC_Spring 2019/unix_shel/data/ByCountry
$ cut -f3,4 Sweden.txt |sort -k2
1952    71.86
1957    72.49
1962    73.37
1967    74.16
1972    74.72
1977    75.44
1982    76.42
1987    77.19
1992    78.16
1997    79.39
2002    80.04
2007    80.884
year    lifeExp

islamt2@DS-123014 MINGW64 ~/Desktop/SWC_Spring 2019/unix_shel/data/ByCountry
$ cut -f3,4 Sweden.txt |sort -nk2
year    lifeExp
1952    71.86
1957    72.49
1962    73.37
1967    74.16
1972    74.72
1977    75.44
1982    76.42
1987    77.19
1992    78.16
1997    79.39
2002    80.04
2007    80.884

islamt2@DS-123014 MINGW64 ~/Desktop/SWC_Spring 2019/unix_shel/data/ByCountry
$ cut -f3,4 Sweden.txt |sort -nk2| tail -n1
2007    80.884

islamt2@DS-123014 MINGW64 ~/Desktop/SWC_Spring 2019/unix_shel/data/ByCountry
$ cut -f3,4 Sweden.txt |sort -nk2| tail -n1|cut -f1
2007

islamt2@DS-123014 MINGW64 ~/Desktop/SWC_Spring 2019/unix_shel/data/ByCountry
$ cut -f3,4 Sweden.txt |sort -nk2| tail -n1|cut -f1 >Sweden_YearWithMaxLE.txt

islamt2@DS-123014 MINGW64 ~/Desktop/SWC_Spring 2019/unix_shel/data/ByCountry
$ cat Sweden_YearWithMaxLE.txt
2007

islamt2@DS-123014 MINGW64 ~/Desktop/SWC_Spring 2019/unix_shel/data/ByCountry
$ #working with multiple files

islamt2@DS-123014 MINGW64 ~/Desktop/SWC_Spring 2019/unix_shel/data/ByCountry
$ # * wild card

islamt2@DS-123014 MINGW64 ~/Desktop/SWC_Spring 2019/unix_shel/data/ByCountry
$ pwd
/c/Users/islamt2/Desktop/SWC_Spring 2019/unix_shel/data/ByCountry

islamt2@DS-123014 MINGW64 ~/Desktop/SWC_Spring 2019/unix_shel/data/ByCountry
$ ls
 Afghanistan.txt                Guatemala.txt         Peru.txt
 Albania.txt                    Guinea.txt            Philippines.txt
 Algeria.txt                    Guinea-Bissau.txt     Poland.txt
 Angola.txt                     Haiti.txt             Portugal.txt
 Argentina.txt                  Honduras.txt          Puerto_Rico.txt
 Australia.txt                  Hong_Kong_China.txt   Reunion.txt
 Austria.txt                    Hungary.txt           Romania.txt
 Bahrain.txt                    Iceland.txt           Rwanda.txt
 Bangladesh.txt                 India.txt             Sao_Tome_and_Principe.txt
 Belgium.txt                    Indonesia.txt         Saudi_Arabia.txt
 Benin.txt                      Iran.txt              Senegal.txt
 Bolivia.txt                    Iraq.txt              Serbia.txt
 Bosnia_and_Herzegovina.txt     Ireland.txt           Sierra_Leone.txt
 Botswana.txt                   Israel.txt            Singapore.txt
 Brazil.txt                     Italy.txt             Slovak_Republic.txt
 Bulgaria.txt                   Jamaica.txt           Slovenia.txt
 Burkina_Faso.txt               Japan.txt             Somalia.txt
 Burundi.txt                    Jordan.txt            South_Africa.txt
 Cambodia.txt                   Kenya.txt             Spain.txt
 Cameroon.txt                   Korea_Dem_Rep.txt     Sri_Lanka.txt
 Canada.txt                     Korea_Rep.txt         Sudan.txt
 Central_African_Republic.txt   Kuwait.txt            Swaziland.txt
 Chad.txt                       Lebanon.txt           Sweden.txt
 Chile.txt                      Lesotho.txt           Sweden_YearWithMaxLE.txt
 China.txt                      Liberia.txt           Switzerland.txt
 Colombia.txt                   Libya.txt             Syria.txt
 Comoros.txt                    Madagascar.txt        Taiwan.txt
 Congo_Dem_Rep.txt              Malawi.txt            Tanzania.txt
 Congo_Rep.txt                  Malaysia.txt          Thailand.txt
 Costa_Rica.txt                 Mali.txt              Togo.txt
"Cote_d'Ivoire.txt"             Mauritania.txt        Trinidad_and_Tobago.txt
 Croatia.txt                    Mauritius.txt         Tunisia.txt
 Cuba.txt                       Mexico.txt            Turkey.txt
 Czech_Republic.txt             Mongolia.txt          Uganda.txt
 Denmark.txt                    Montenegro.txt        United_Kingdom.txt
 Djibouti.txt                   Morocco.txt           United_States.txt
 Dominican_Republic.txt         Mozambique.txt        Uruguary_LE_max.txt
 Ecuador.txt                    Myanmar.txt           Uruguary_LE_max2.txt
 Egypt.txt                      Namibia.txt           Uruguary_LE_sorted.txt
 El_Salvador.txt                Nepal.txt             Uruguay.txt
 Equatorial_Guinea.txt          Netherlands.txt       Uruguay_LE.txt
 Eritrea.txt                    New_Zealand.txt       Uruguay_noH.txt
 Ethiopia.txt                   Nicaragua.txt         Venezuela.txt
 Finland.txt                    Niger.txt             Vietnam.txt
 France.txt                     Nigeria.txt           West_Bank_and_Gaza.txt
 Gabon.txt                      Norway.txt            Yemen_Rep.txt
 Gambia.txt                     Oman.txt              Zambia.txt
 Germany.txt                    Pakistan.txt          Zimbabwe.txt
 Ghana.txt                      Panama.txt
 Greece.txt                     Paraguay.txt

islamt2@DS-123014 MINGW64 ~/Desktop/SWC_Spring 2019/unix_shel/data/ByCountry
$ ls U*
Uganda.txt          Uruguary_LE_max.txt     Uruguay.txt
United_Kingdom.txt  Uruguary_LE_max2.txt    Uruguay_LE.txt
United_States.txt   Uruguary_LE_sorted.txt  Uruguay_noH.txt

islamt2@DS-123014 MINGW64 ~/Desktop/SWC_Spring 2019/unix_shel/data/ByCountry
$ ls B*
Bahrain.txt     Benin.txt                   Botswana.txt  Burkina_Faso.txt
Bangladesh.txt  Bolivia.txt                 Brazil.txt    Burundi.txt
Belgium.txt     Bosnia_and_Herzegovina.txt  Bulgaria.txt

islamt2@DS-123014 MINGW64 ~/Desktop/SWC_Spring 2019/unix_shel/data/ByCountry
$ ls U*.txt
Uganda.txt          Uruguary_LE_max.txt     Uruguay.txt
United_Kingdom.txt  Uruguary_LE_max2.txt    Uruguay_LE.txt
United_States.txt   Uruguary_LE_sorted.txt  Uruguay_noH.txt

islamt2@DS-123014 MINGW64 ~/Desktop/SWC_Spring 2019/unix_shel/data/ByCountry
$ #count line with G

islamt2@DS-123014 MINGW64 ~/Desktop/SWC_Spring 2019/unix_shel/data/ByCountry
$ wc -l g*txt
wc: 'g*txt': No such file or directory

islamt2@DS-123014 MINGW64 ~/Desktop/SWC_Spring 2019/unix_shel/data/ByCountry
$ wc -l G*.txt
  13 Gabon.txt
  13 Gambia.txt
  13 Germany.txt
  13 Ghana.txt
  13 Greece.txt
  13 Guatemala.txt
  13 Guinea.txt
  13 Guinea-Bissau.txt
 104 total

islamt2@DS-123014 MINGW64 ~/Desktop/SWC_Spring 2019/unix_shel/data/ByCountry
$ $loop

islamt2@DS-123014 MINGW64 ~/Desktop/SWC_Spring 2019/unix_shel/data/ByCountry
$ #loop

islamt2@DS-123014 MINGW64 ~/Desktop/SWC_Spring 2019/unix_shel/data/ByCountry
$ #variables in bash

islamt2@DS-123014 MINGW64 ~/Desktop/SWC_Spring 2019/unix_shel/data/ByCountry
$ myname=Farah

islamt2@DS-123014 MINGW64 ~/Desktop/SWC_Spring 2019/unix_shel/data/ByCountry
$ #call the value of the variable

islamt2@DS-123014 MINGW64 ~/Desktop/SWC_Spring 2019/unix_shel/data/ByCountry
$ echo $myname
Farah

islamt2@DS-123014 MINGW64 ~/Desktop/SWC_Spring 2019/unix_shel/data/ByCountry
$ for datafile in G*.txt;do ls G*.txt;done
Gabon.txt   Germany.txt  Greece.txt     Guinea.txt
Gambia.txt  Ghana.txt    Guatemala.txt  Guinea-Bissau.txt
Gabon.txt   Germany.txt  Greece.txt     Guinea.txt
Gambia.txt  Ghana.txt    Guatemala.txt  Guinea-Bissau.txt
Gabon.txt   Germany.txt  Greece.txt     Guinea.txt
Gambia.txt  Ghana.txt    Guatemala.txt  Guinea-Bissau.txt
Gabon.txt   Germany.txt  Greece.txt     Guinea.txt
Gambia.txt  Ghana.txt    Guatemala.txt  Guinea-Bissau.txt
Gabon.txt   Germany.txt  Greece.txt     Guinea.txt
Gambia.txt  Ghana.txt    Guatemala.txt  Guinea-Bissau.txt
Gabon.txt   Germany.txt  Greece.txt     Guinea.txt
Gambia.txt  Ghana.txt    Guatemala.txt  Guinea-Bissau.txt
Gabon.txt   Germany.txt  Greece.txt     Guinea.txt
Gambia.txt  Ghana.txt    Guatemala.txt  Guinea-Bissau.txt
Gabon.txt   Germany.txt  Greece.txt     Guinea.txt
Gambia.txt  Ghana.txt    Guatemala.txt  Guinea-Bissau.txt

islamt2@DS-123014 MINGW64 ~/Desktop/SWC_Spring 2019/unix_shel/data/ByCountry
$ or datafile in G*.txt;do ls $datafile;done
bash: syntax error near unexpected token `do'

islamt2@DS-123014 MINGW64 ~/Desktop/SWC_Spring 2019/unix_shel/data/ByCountry
$ for datafile in G*.txt;do ls $datafile;done
Gabon.txt
Gambia.txt
Germany.txt
Ghana.txt
Greece.txt
Guatemala.txt
Guinea.txt
Guinea-Bissau.txt

islamt2@DS-123014 MINGW64 ~/Desktop/SWC_Spring 2019/unix_shel/data/ByCountry
$ for datafile in G*.txt;do ls G*.txt;done
Gabon.txt   Germany.txt  Greece.txt     Guinea.txt
Gambia.txt  Ghana.txt    Guatemala.txt  Guinea-Bissau.txt
Gabon.txt   Germany.txt  Greece.txt     Guinea.txt
Gambia.txt  Ghana.txt    Guatemala.txt  Guinea-Bissau.txt
Gabon.txt   Germany.txt  Greece.txt     Guinea.txt
Gambia.txt  Ghana.txt    Guatemala.txt  Guinea-Bissau.txt
Gabon.txt   Germany.txt  Greece.txt     Guinea.txt
Gambia.txt  Ghana.txt    Guatemala.txt  Guinea-Bissau.txt
Gabon.txt   Germany.txt  Greece.txt     Guinea.txt
Gambia.txt  Ghana.txt    Guatemala.txt  Guinea-Bissau.txt
Gabon.txt   Germany.txt  Greece.txt     Guinea.txt
Gambia.txt  Ghana.txt    Guatemala.txt  Guinea-Bissau.txt
Gabon.txt   Germany.txt  Greece.txt     Guinea.txt
Gambia.txt  Ghana.txt    Guatemala.txt  Guinea-Bissau.txt
Gabon.txt   Germany.txt  Greece.txt     Guinea.txt
Gambia.txt  Ghana.txt    Guatemala.txt  Guinea-Bissau.txt

islamt2@DS-123014 MINGW64 ~/Desktop/SWC_Spring 2019/unix_shel/data/ByCountry
$ cd ..

islamt2@DS-123014 MINGW64 ~/Desktop/SWC_Spring 2019/unix_shel/data
$ cd ..

islamt2@DS-123014 MINGW64 ~/Desktop/SWC_Spring 2019/unix_shel
$ # write a script contain

islamt2@DS-123014 MINGW64 ~/Desktop/SWC_Spring 2019/unix_shel
$ ls
Data/  FirstScript.sh  MyFirstScript.sh

islamt2@DS-123014 MINGW64 ~/Desktop/SWC_Spring 2019/unix_shel
$ ./Firstscript.sh

islamt2@DS-123014 MINGW64 ~/Desktop/SWC_Spring 2019/unix_shel
$ chmod +x FirstScript.sh

islamt2@DS-123014 MINGW64 ~/Desktop/SWC_Spring 2019/unix_shel
$ ./FirstScript.sh

islamt2@DS-123014 MINGW64 ~/Desktop/SWC_Spring 2019/unix_shel
$ ls
Data/  FirstScript.sh  HighestLE_Mexico.txt  MyFirstScript.sh

islamt2@DS-123014 MINGW64 ~/Desktop/SWC_Spring 2019/unix_shel
$ chmod +x SecondScript
chmod: cannot access 'SecondScript': No such file or directory

islamt2@DS-123014 MINGW64 ~/Desktop/SWC_Spring 2019/unix_shel
$ ./SecondScript.sh
bash: ./SecondScript.sh: No such file or directory

islamt2@DS-123014 MINGW64 ~/Desktop/SWC_Spring 2019/unix_shel
$ ./SecondScript.sh
bash: ./SecondScript.sh: No such file or directory

islamt2@DS-123014 MINGW64 ~/Desktop/SWC_Spring 2019/unix_shel
$ chmod +x ThirdScript.sh

islamt2@DS-123014 MINGW64 ~/Desktop/SWC_Spring 2019/unix_shel
$ ./thirdScript.sh Data/ByCountry/Mexico.txt > HighestLE3.txt
./thirdScript.sh: line 8: syntax error near unexpected token `newline'
./thirdScript.sh: line 8: `cut -f1,3,4 $input|sort -nk4|tail -n1>'

islamt2@DS-123014 MINGW64 ~/Desktop/SWC_Spring 2019/unix_shel
$ third^C

islamt2@DS-123014 MINGW64 ~/Desktop/SWC_Spring 2019/unix_shel
$ ./thirdScript.sh Data/ByCountry/Mexico.txt > HighestLE3.txt

islamt2@DS-123014 MINGW64 ~/Desktop/SWC_Spring 2019/unix_shel
$ ls
Data/           HighestLE_Mexico.txt  MyFirstScript.sh  ThirdScript.sh
FirstScript.sh  HighestLE3.txt        SecondScript.sh

islamt2@DS-123014 MINGW64 ~/Desktop/SWC_Spring 2019/unix_shel
$ python
bash: python: command not found

islamt2@DS-123014 MINGW64 ~/Desktop/SWC_Spring 2019/unix_shel
$ cd

islamt2@DS-123014 MINGW64 ~
$ note.pad .bash.profile
bash: note.pad: command not found

islamt2@DS-123014 MINGW64 ~
$ notepad .bash_profile

islamt2@DS-123014 MINGW64 ~
$ source ~/.bash_profile

islamt2@DS-123014 MINGW64 ~
$ python
bash: python: command not found

islamt2@DS-123014 MINGW64 ~
$ cat .bash_
.bash_history  .bash_profile

islamt2@DS-123014 MINGW64 ~
$ cat .bash_profile
export PATH=$PATH:"$HOME/Anaconda3" alias python='winpty python.exe'
islamt2@DS-123014 MINGW64 ~
$ notepad .bash_profile

islamt2@DS-123014 MINGW64 ~
$ source ~/.bash_profile

islamt2@DS-123014 MINGW64 ~
$ python
winpty: error: cannot start 'python.exe': Not found in PATH

islamt2@DS-123014 MINGW64 ~
$ notepad .bash_profile

islamt2@DS-123014 MINGW64 ~
$ source ~/.bash_profile

islamt2@DS-123014 MINGW64 ~
$ python
winpty: error: cannot start 'python.exe': Not found in PATH

islamt2@DS-123014 MINGW64 ~
$ notepad .bash_profile

islamt2@DS-123014 MINGW64 ~
$ source ~/.bash_profile

islamt2@DS-123014 MINGW64 ~
$ python
Python 3.7.1 (default, Dec 10 2018, 22:54:23) [MSC v.1915 64 bit (AMD64)] :: Ana
conda, Inc. on win32
Type "help", "copyright", "credits" or "license" for more information.
>>> exit()

islamt2@DS-123014 MINGW64 ~
$ notepad .bash_profile

islamt2@DS-123014 MINGW64 ~
$ python
Python 3.7.1 (default, Dec 10 2018, 22:54:23) [MSC v.1915 64 bit (AMD64)] :: Ana
conda, Inc. on win32
Type "help", "copyright", "credits" or "license" for more information.
>>> exit()

islamt2@DS-123014 MINGW64 ~
$ jupyter notebook
bash: jupyter: command not found

islamt2@DS-123014 MINGW64 ~
$ jupyter
bash: jupyter: command not found

islamt2@DS-123014 MINGW64 ~
$ python
Python 3.7.1 (default, Dec 10 2018, 22:54:23) [MSC v.1915 64 bit (AMD64)] :: Ana
conda, Inc. on win32
Type "help", "copyright", "credits" or "license" for more information.
>>> 3+5

islamt2@DS-123014 MINGW64 ~
$ git
usage: git [--version] [--help] [-C <path>] [-c <name>=<value>]
           [--exec-path[=<path>]] [--html-path] [--man-path] [--info-path]
           [-p | --paginate | -P | --no-pager] [--no-replace-objects] [--bare]
           [--git-dir=<path>] [--work-tree=<path>] [--namespace=<name>]
           <command> [<args>]

These are common Git commands used in various situations:

start a working area (see also: git help tutorial)
   clone      Clone a repository into a new directory
   init       Create an empty Git repository or reinitialize an existing one

work on the current change (see also: git help everyday)
   add        Add file contents to the index
   mv         Move or rename a file, a directory, or a symlink
   reset      Reset current HEAD to the specified state
   rm         Remove files from the working tree and from the index

examine the history and state (see also: git help revisions)
   bisect     Use binary search to find the commit that introduced a bug
   grep       Print lines matching a pattern
   log        Show commit logs
   show       Show various types of objects
   status     Show the working tree status

grow, mark and tweak your common history
   branch     List, create, or delete branches
   checkout    Switch branches or restore working tree files
   commit     Record changes to the repository
   diff       Show changes between commits, commit and working tree, etc
   merge      Join two or more development histories together
   rebase     Reapply commits on top of another base tip
   tag        Create, list, delete or verify a tag object signed with GPG

collaborate (see also: git help workflows)
   fetch      Download objects and refs from another repository
   pull       Fetch from and integrate with another repository or a local branch
   push       Update remote refs along with associated objects

'git help -a' and 'git help -g' list available subcommands and some
concept guides. See 'git help <command>' or 'git help <concept>'
to read about a specific subcommand or concept.

islamt2@DS-123014 MINGW64 ~
$ git config --global core.editor "nano"

islamt2@DS-123014 MINGW64 ~
$ git config --list
core.symlinks=false
core.autocrlf=true
core.fscache=true
color.diff=auto
color.status=auto
color.branch=auto
color.interactive=true
help.format=html
rebase.autosquash=true
http.sslcainfo=C:/Program Files/Git/mingw64/ssl/certs/ca-bundle.crt
http.sslbackend=openssl
diff.astextplain.textconv=astextplain
filter.lfs.clean=git-lfs clean -- %f
filter.lfs.smudge=git-lfs smudge -- %f
filter.lfs.process=git-lfs filter-process
filter.lfs.required=true
credential.helper=manager
core.editor=nano.exe
core.editor=nano

islamt2@DS-123014 MINGW64 ~
$ git config --global user.name "islamt2"

islamt2@DS-123014 MINGW64 ~
$ git config --list
core.symlinks=false
core.autocrlf=true
core.fscache=true
color.diff=auto
color.status=auto
color.branch=auto
color.interactive=true
help.format=html
rebase.autosquash=true
http.sslcainfo=C:/Program Files/Git/mingw64/ssl/certs/ca-bundle.crt
http.sslbackend=openssl
diff.astextplain.textconv=astextplain
filter.lfs.clean=git-lfs clean -- %f
filter.lfs.smudge=git-lfs smudge -- %f
filter.lfs.process=git-lfs filter-process
filter.lfs.required=true
credential.helper=manager
core.editor=nano.exe
core.editor=nano
user.name=islamt2

islamt2@DS-123014 MINGW64 ~
$
Display all 4896 possibilities? (y or n)

islamt2@DS-123014 MINGW64 ~
$ git config --global user.email "tarikul@gmail.com"

islamt2@DS-123014 MINGW64 ~
$ git config --list
core.symlinks=false
core.autocrlf=true
core.fscache=true
color.diff=auto
color.status=auto
color.branch=auto
color.interactive=true
help.format=html
rebase.autosquash=true
http.sslcainfo=C:/Program Files/Git/mingw64/ssl/certs/ca-bundle.crt
http.sslbackend=openssl
diff.astextplain.textconv=astextplain
filter.lfs.clean=git-lfs clean -- %f
filter.lfs.smudge=git-lfs smudge -- %f
filter.lfs.process=git-lfs filter-process
filter.lfs.required=true
credential.helper=manager
core.editor=nano.exe
core.editor=nano
user.name=islamt2
user.email=tarikul@gmail.com

islamt2@DS-123014 MINGW64 ~
$ git
usage: git [--version] [--help] [-C <path>] [-c <name>=<value>]
           [--exec-path[=<path>]] [--html-path] [--man-path] [--info-path]
           [-p | --paginate | -P | --no-pager] [--no-replace-objects] [--bare]
           [--git-dir=<path>] [--work-tree=<path>] [--namespace=<name>]
           <command> [<args>]

These are common Git commands used in various situations:

start a working area (see also: git help tutorial)
   clone      Clone a repository into a new directory
   init       Create an empty Git repository or reinitialize an existing one

work on the current change (see also: git help everyday)
   add        Add file contents to the index
   mv         Move or rename a file, a directory, or a symlink
   reset      Reset current HEAD to the specified state
   rm         Remove files from the working tree and from the index

examine the history and state (see also: git help revisions)
   bisect     Use binary search to find the commit that introduced a bug
   grep       Print lines matching a pattern
   log        Show commit logs
   show       Show various types of objects
   status     Show the working tree status

grow, mark and tweak your common history
   branch     List, create, or delete branches
   checkout    Switch branches or restore working tree files
   commit     Record changes to the repository
   diff       Show changes between commits, commit and working tree, etc
   merge      Join two or more development histories together
   rebase     Reapply commits on top of another base tip
   tag        Create, list, delete or verify a tag object signed with GPG

collaborate (see also: git help workflows)
   fetch      Download objects and refs from another repository
   pull       Fetch from and integrate with another repository or a local branch
   push       Update remote refs along with associated objects

'git help -a' and 'git help -g' list available subcommands and some
concept guides. See 'git help <command>' or 'git help <concept>'
to read about a specific subcommand or concept.

islamt2@DS-123014 MINGW64 ~
$ mkdir git_test

islamt2@DS-123014 MINGW64 ~
$ ls -ltr
total 5718
drwxr-xr-x 1 islamt2 1049089       0 Aug 28  2017  AppData/
drwxr-xr-x 1 islamt2 1049089       0 Nov 24  2017 '3D Objects'/
drwxr-xr-x 1 islamt2 1049089       0 Sep 10 10:33  Tracing/
-rw-r--r-- 1 islamt2 1049089      20 Oct 22 12:59  ntuser.ini
drwxr-xr-x 1 islamt2 1049089       0 Oct 24 15:04  MicrosoftEdgeBackups/
drwxr-xr-x 1 islamt2 1049089       0 Nov 19 15:39  Favorites/
drwxr-xr-x 1 islamt2 1049089       0 Nov 19 15:39  Contacts/
drwxr-xr-x 1 islamt2 1049089       0 Nov 19 15:39  Searches/
drwxr-xr-x 1 islamt2 1049089       0 Nov 19 15:39 'Saved Games'/
drwxr-xr-x 1 islamt2 1049089       0 Nov 19 15:39  Links/
drwxr-xr-x 1 islamt2 1049089       0 Nov 21 17:27  Pictures/
-rw-r--r-- 1 islamt2 1049089  962560 Feb 12 13:16  ntuser.dat.LOG2
-rw-r--r-- 1 islamt2 1049089  524288 Feb 12 13:16  ntuser.dat.LOG1
lrwxrwxrwx 1 islamt2 1049089      26 Feb 12 13:16 'My Documents' -> /c/Users/islamt2/Documents/
lrwxrwxrwx 1 islamt2 1049089      32 Feb 12 13:16 'Application Data' -> /c/Users/islamt2/AppData/Roaming/
lrwxrwxrwx 1 islamt2 1049089      68 Feb 12 13:16  NetHood -> '/c/Users/islamt2/AppData/Roaming/Microsoft/Windows/Network Shortcuts'/
lrwxrwxrwx 1 islamt2 1049089      68 Feb 12 13:16  PrintHood -> '/c/Users/islamt2/AppData/Roaming/Microsoft/Windows/Printer Shortcuts'/
lrwxrwxrwx 1 islamt2 1049089      57 Feb 12 13:16  Recent -> /c/Users/islamt2/AppData/Roaming/Microsoft/Windows/Recent/
lrwxrwxrwx 1 islamt2 1049089      57 Feb 12 13:16  SendTo -> /c/Users/islamt2/AppData/Roaming/Microsoft/Windows/SendTo/
lrwxrwxrwx 1 islamt2 1049089      61 Feb 12 13:16 'Start Menu' -> '/c/Users/islamt2/AppData/Roaming/Microsoft/Windows/Start Menu'/
lrwxrwxrwx 1 islamt2 1049089      60 Feb 12 13:16  Templates -> /c/Users/islamt2/AppData/Roaming/Microsoft/Windows/Templates/
lrwxrwxrwx 1 islamt2 1049089      30 Feb 12 13:16 'Local Settings' -> /c/Users/islamt2/AppData/Local/
lrwxrwxrwx 1 islamt2 1049089      60 Feb 12 13:16  Cookies -> /c/Users/islamt2/AppData/Local/Microsoft/Windows/INetCookies/
drwxr-xr-x 1 islamt2 1049089       0 Feb 12 13:16  Videos/
drwxr-xr-x 1 islamt2 1049089       0 Feb 12 13:16  Music/
-rw-r--r-- 1 islamt2 1049089  524288 Feb 12 13:21  NTUSER.DAT{7e3e8dc5-d623-11e8-8f0d-484d7eed898c}.TMContainer00000000000000000002.regtrans-ms
-rw-r--r-- 1 islamt2 1049089  524288 Feb 12 13:21  NTUSER.DAT{7e3e8dc5-d623-11e8-8f0d-484d7eed898c}.TMContainer00000000000000000001.regtrans-ms
-rw-r--r-- 1 islamt2 1049089   65536 Feb 12 13:21  NTUSER.DAT{7e3e8dc5-d623-11e8-8f0d-484d7eed898c}.TM.blf
drwxr-xr-x 1 islamt2 1049089       0 Feb 12 14:10  Documents/
drwxr-xr-x 1 islamt2 1049089       0 Feb 12 19:49  OneDrive/
-r--r--r-- 1 islamt2 1049089     470 Feb 13 09:03  ntuser.pol
-rw-r--r-- 1 islamt2 1049089     895 Feb 21 15:04  Untitled.ipynb
drwxr-xr-x 1 islamt2 1049089       0 Feb 23 09:26  Desktop/
-rw-r--r-- 1 islamt2 1049089 3145728 Feb 23 17:03  NTUSER.DAT
drwxr-xr-x 1 islamt2 1049089       0 Feb 24 09:02  IntelGraphicsProfiles/
drwxr-xr-x 1 islamt2 1049089       0 Feb 24 09:18  Downloads/
drwxr-xr-x 1 islamt2 1049089       0 Feb 24 09:29  git_test/

islamt2@DS-123014 MINGW64 ~
$ ls
'3D Objects'/
 AppData/
'Application Data'@
 Contacts/
 Cookies@
 Desktop/
 Documents/
 Downloads/
 Favorites/
 git_test/
 IntelGraphicsProfiles/
 Links/
'Local Settings'@
 MicrosoftEdgeBackups/
 Music/
'My Documents'@
 NetHood@
 NTUSER.DAT
 ntuser.dat.LOG1
 ntuser.dat.LOG2
 NTUSER.DAT{7e3e8dc5-d623-11e8-8f0d-484d7eed898c}.TM.blf
 NTUSER.DAT{7e3e8dc5-d623-11e8-8f0d-484d7eed898c}.TMContainer00000000000000000001.regtrans-ms
 NTUSER.DAT{7e3e8dc5-d623-11e8-8f0d-484d7eed898c}.TMContainer00000000000000000002.regtrans-ms
 ntuser.ini
 ntuser.pol
 OneDrive/
 Pictures/
 PrintHood@
 Recent@
'Saved Games'/
 Searches/
 SendTo@
'Start Menu'@
 Templates@
 Tracing/
 Untitled.ipynb
 Videos/

islamt2@DS-123014 MINGW64 ~
$ cd desktop

islamt2@DS-123014 MINGW64 ~/desktop
$ mkdir git_test

islamt2@DS-123014 MINGW64 ~/desktop
$ cd git_test

islamt2@DS-123014 MINGW64 ~/desktop/git_test
$ mkdir Thesis

islamt2@DS-123014 MINGW64 ~/desktop/git_test
$ ls
Thesis/

islamt2@DS-123014 MINGW64 ~/desktop/git_test
$ ls -a
./  ../  Thesis/

islamt2@DS-123014 MINGW64 ~/desktop/git_test
$ cd Thesis

islamt2@DS-123014 MINGW64 ~/desktop/git_test/Thesis
$ echo "Chapter 1 notes" > notes.txt

islamt2@DS-123014 MINGW64 ~/desktop/git_test/Thesis
$ cat notes.txt
Chapter 1 notes

islamt2@DS-123014 MINGW64 ~/desktop/git_test/Thesis
$ git init
Initialized empty Git repository in C:/Users/islamt2/Desktop/git_test/Thesis/.git/

islamt2@DS-123014 MINGW64 ~/desktop/git_test/Thesis (master)
$ git status
On branch master

No commits yet

Untracked files:
  (use "git add <file>..." to include in what will be committed)

        notes.txt

nothing added to commit but untracked files present (use "git add" to track)

islamt2@DS-123014 MINGW64 ~/desktop/git_test/Thesis (master)
$ ls -a
./  ../  .git/  notes.txt

islamt2@DS-123014 MINGW64 ~/desktop/git_test/Thesis (master)
$ git add notes.txt
warning: LF will be replaced by CRLF in notes.txt.
The file will have its original line endings in your working directory

islamt2@DS-123014 MINGW64 ~/desktop/git_test/Thesis (master)
$ git status
On branch master

No commits yet

Changes to be committed:
  (use "git rm --cached <file>..." to unstage)

        new file:   notes.txt


islamt2@DS-123014 MINGW64 ~/desktop/git_test/Thesis (master)
$ git commit -m "first note"
[master (root-commit) d40be44] first note
 1 file changed, 1 insertion(+)
 create mode 100644 notes.txt

islamt2@DS-123014 MINGW64 ~/desktop/git_test/Thesis (master)
$ git status
On branch master
nothing to commit, working tree clean

islamt2@DS-123014 MINGW64 ~/desktop/git_test/Thesis (master)
$ git log
commit d40be44b35c2c2ab7489e99b7520d0d8b8127bad (HEAD -> master)
Author: islamt2 <tarikul@gmail.com>
Date:   Sun Feb 24 09:46:37 2019 -0600

    first note

islamt2@DS-123014 MINGW64 ~/desktop/git_test/Thesis (master)
$ git log --oneline
d40be44 (HEAD -> master) first note

islamt2@DS-123014 MINGW64 ~/desktop/git_test/Thesis (master)
$ cd note.txt
bash: cd: note.txt: No such file or directory

islamt2@DS-123014 MINGW64 ~/desktop/git_test/Thesis (master)
$ pwd
/c/Users/islamt2/desktop/git_test/Thesis

islamt2@DS-123014 MINGW64 ~/desktop/git_test/Thesis (master)
$ nono notes.txt
bash: nono: command not found

islamt2@DS-123014 MINGW64 ~/desktop/git_test/Thesis (master)
$ nano notes.txt

islamt2@DS-123014 MINGW64 ~/desktop/git_test/Thesis (master)
$ git add notes.txt
warning: LF will be replaced by CRLF in notes.txt.
The file will have its original line endings in your working directory

islamt2@DS-123014 MINGW64 ~/desktop/git_test/Thesis (master)
$ git commit -m "first change in file"
[master 9b80aa0] first change in file
 1 file changed, 4 insertions(+)

islamt2@DS-123014 MINGW64 ~/desktop/git_test/Thesis (master)
$ git log --oneline
9b80aa0 (HEAD -> master) first change in file
d40be44 first note

islamt2@DS-123014 MINGW64 ~/desktop/git_test/Thesis (master)
$ ~s

8
>>> print("welcome all")
welcome all
>>> exit()

islamt2@DS-123014 MINGW64 ~
$
